<dataset>
    <users FirstName="Bob" LastName="Doe"/>
    <users FirstName="Alice" LastName="Foo"/>
    <users FirstName="F" LastName="L"/>
</dataset>